
Allocating common symbols
Common symbol       size              file

PS_pointer          0x4               pressure_sensor.o
con_state_id        0x1               main.o
P_led               0x4               buzzer.o
P_controller        0x4               controller.o
i                   0x4               startup.o
led_state_id        0x1               main.o
PS_state_id         0x1               main.o

Memory Configuration

Name             Origin             Length             Attributes
flash            0x08000000         0x00020000         xr
sram             0x20000000         0x00005000         xrw
*default*        0x00000000         0xffffffff

Linker script and memory map


.text           0x08000000      0x330
 *(.vectors*)
 .vectors       0x08000000       0x1c startup.o
                0x08000000                vectors
 *(.rodata*)
 *(.text*)
 .text          0x0800001c       0x60 main.o
                0x0800001c                setup
                0x08000054                main
 .text          0x0800007c       0xc4 driver.o
                0x0800007c                Delay
                0x0800009c                getPressureVal
                0x080000b4                Set_Alarm_actuator
                0x080000f0                GPIO_INITIALIZATION
 .text          0x08000140       0xa4 startup.o
                0x08000140                Bus_Fault_Handler
                0x08000140                H_Fault_Handler
                0x08000140                MM_Fault_Handler
                0x08000140                Usage_Fault_Handler
                0x08000140                Default_Handler
                0x08000140                NMI_Handler
                0x0800014c                Reset_Handler
 .text          0x080001e4       0x38 pressure_sensor.o
                0x080001e4                SP_PS_busy
 .text          0x0800021c       0x98 controller.o
                0x0800021c                PS_get_pressure
                0x08000264                ST_BUZZZER_on
                0x0800028c                ST_BUZZZER_off
 .text          0x080002b4       0x7c buzzer.o
                0x080002b4                check_pressure
                0x080002f4                state_led_off
                0x0800030c                state_led_on
                0x08000330                _E_text = .

.glue_7         0x08000330        0x0
 .glue_7        0x08000330        0x0 linker stubs

.glue_7t        0x08000330        0x0
 .glue_7t       0x08000330        0x0 linker stubs

.vfp11_veneer   0x08000330        0x0
 .vfp11_veneer  0x08000330        0x0 linker stubs

.v4_bx          0x08000330        0x0
 .v4_bx         0x08000330        0x0 linker stubs

.iplt           0x08000330        0x0
 .iplt          0x08000330        0x0 main.o

.rel.dyn        0x08000330        0x0
 .rel.iplt      0x08000330        0x0 main.o

.data           0x20000000        0xc load address 0x08000330
                0x20000000                _S_data = .
 *(.data*)
 .data          0x20000000        0x0 main.o
 .data          0x20000000        0x0 driver.o
 .data          0x20000000        0x0 startup.o
 .data          0x20000000        0x0 pressure_sensor.o
 .data          0x20000000        0x8 controller.o
                0x20000000                threshold
                0x20000004                send_led
 .data          0x20000008        0x4 buzzer.o
                0x20000008                alarm
                0x2000000c                _E_data = .

.igot.plt       0x2000000c        0x0 load address 0x0800033c
 .igot.plt      0x2000000c        0x0 main.o

.bss            0x2000000c     0x101c load address 0x0800033c
                0x2000000c                _S_bss = .
 *(.bss*)
 .bss           0x2000000c        0x0 main.o
 .bss           0x2000000c        0x0 driver.o
 .bss           0x2000000c        0x0 startup.o
 .bss           0x2000000c        0x4 pressure_sensor.o
                0x2000000c                PS_pressure
 .bss           0x20000010        0x4 controller.o
                0x20000010                con_pressure
 .bss           0x20000014        0x0 buzzer.o
                0x20000014                _E_bss = .
                0x20000014                . = ALIGN (0x4)
                0x20001014                . = (. + 0x1000)
 *fill*         0x20000014     0x1000 
                0x20001014                _stack_top = .
 COMMON         0x20001014        0x3 main.o
                0x20001014                con_state_id
                0x20001015                led_state_id
                0x20001016                PS_state_id
 *fill*         0x20001017        0x1 
 COMMON         0x20001018        0x4 startup.o
                0x20001018                i
 COMMON         0x2000101c        0x4 pressure_sensor.o
                0x2000101c                PS_pointer
 COMMON         0x20001020        0x4 controller.o
                0x20001020                P_controller
 COMMON         0x20001024        0x4 buzzer.o
                0x20001024                P_led
LOAD main.o
LOAD driver.o
LOAD startup.o
LOAD pressure_sensor.o
LOAD controller.o
LOAD buzzer.o
OUTPUT(P_control.elf elf32-littlearm)

.comment        0x00000000       0x7e
 .comment       0x00000000       0x7e main.o
                                 0x7f (size before relaxing)
 .comment       0x0000007e       0x7f driver.o
 .comment       0x0000007e       0x7f startup.o
 .comment       0x0000007e       0x7f pressure_sensor.o
 .comment       0x0000007e       0x7f controller.o
 .comment       0x0000007e       0x7f buzzer.o

.ARM.attributes
                0x00000000       0x33
 .ARM.attributes
                0x00000000       0x33 main.o
 .ARM.attributes
                0x00000033       0x33 driver.o
 .ARM.attributes
                0x00000066       0x33 startup.o
 .ARM.attributes
                0x00000099       0x33 pressure_sensor.o
 .ARM.attributes
                0x000000cc       0x33 controller.o
 .ARM.attributes
                0x000000ff       0x33 buzzer.o
